
=== formation_movement_test exit=0 ===
Godot Engine v4.6.3.stable.official.7d41c59c4 - https://godotengine.org

PASS: 44 formation movement checks

=== trajectory_navigation_test exit=0 ===
Godot Engine v4.6.3.stable.official.7d41c59c4 - https://godotengine.org

ARRIVAL_CASE label=Warspite forward 500 completed=true ticks=353 arrival_distance=14.823 settled_distance=14.171 tolerance=15.000
ARRIVAL_CASE label=Warspite lateral 500 completed=true ticks=365 arrival_distance=14.837 settled_distance=14.372 tolerance=15.000
ARRIVAL_CASE label=Shimakaze forward 500 completed=true ticks=269 arrival_distance=11.689 settled_distance=11.050 tolerance=12.000
ARRIVAL_CASE label=Shimakaze lateral 500 completed=true ticks=271 arrival_distance=11.648 settled_distance=11.435 tolerance=12.000
PASS: 28 trajectory navigation checks

=== navigation_progress_recovery_test exit=0 ===
Godot Engine v4.6.3.stable.official.7d41c59c4 - https://godotengine.org

PASS: 57 navigation progress and recovery checks

=== navigation_reachability_test exit=0 ===
Godot Engine v4.6.3.stable.official.7d41c59c4 - https://godotengine.org

PASS: 67 navigation reachability checks

=== ai_group_formation_test exit=0 ===
Godot Engine v4.6.3.stable.official.7d41c59c4 - https://godotengine.org

PASS: 13 AI group and formation checks

=== ai_coordination_test exit=0 ===
Godot Engine v4.6.3.stable.official.7d41c59c4 - https://godotengine.org

PASS: 9 AI coordination checks

=== multi_selection_ui_test exit=0 ===
Godot Engine v4.6.3.stable.official.7d41c59c4 - https://godotengine.org

Multi-selection UI: 50/50 passed

=== tactical_pause_test exit=0 ===
Godot Engine v4.6.3.stable.official.7d41c59c4 - https://godotengine.org

Tactical pause: 15/15 passed

=== test_runner exit=0 ===
Godot Engine v4.6.3.stable.official.7d41c59c4 - https://godotengine.org

SMOKE_START level.prototype_1v1
SMOKE_END level.prototype_1v1 phase=Finished duration=43.2 wall_ms=525
SMOKE_START level.prototype_3v3
SMOKE_END level.prototype_3v3 phase=Finished duration=32.0 wall_ms=1240
SMOKE_START level.prototype_5v5
SMOKE_END level.prototype_5v5 phase=Finished duration=76.5 wall_ms=4953
SMOKE_START level.prototype_11v11
SMOKE_END level.prototype_11v11 phase=Finished duration=52.3 wall_ms=11904
SMOKE_START level.prototype_harbor_3v3
SMOKE_END level.prototype_harbor_3v3 phase=Finished duration=136.8 wall_ms=13695
PASS: 1913 checks
